C:/Users/mltsw/OneDrive/Desktop/Decathlon/Decathlon_Automation/.venv/Scripts/python.exe : 
C:\Users\mltsw\OneDrive\Desktop\Decathlon\Decathlon_Automation\Decathlon_Automation_Core\helpers\lunch_job_helpers.py:3057: UserWarning: pandas only supports SQLAlchemy connectable 
(engine/connection) or database string URI or sqlite3 DBAPI2 connection. Other DBAPI2 objects are not tested. Please consider using SQLAlchemy.
At line:1 char:107
+ ... ipelines" ; C:/Users/mltsw/OneDrive/Desktop/Decathlon/Decathlon_Autom ...
+                 ~~~~~~~~~~~~~~~~~~~~~~~~~~~~~~~~~~~~~~~~~~~~~~~~~~~~~~~~~
    + CategoryInfo          : NotSpecified: (C:\Users\mltsw\...ing SQLAlchemy.:String) [], RemoteException
    + FullyQualifiedErrorId : NativeCommandError
 
  df_all_staff = pd.read_sql(sql, conn)
C:\Users\mltsw\OneDrive\Desktop\Decathlon\Decathlon_Automation\Decathlon_Automation_Core\helpers\lunch_job_helpers.py:3485: UserWarning: pandas only supports SQLAlchemy connectable 
(engine/connection) or database string URI or sqlite3 DBAPI2 connection. Other DBAPI2 objects are not tested. Please consider using SQLAlchemy.
  df_staff_for_validation = pd.read_sql(sql, conn)
C:\Users\mltsw\OneDrive\Desktop\Decathlon\Decathlon_Automation\Decathlon_Automation_Core\helpers\lunch_job_helpers.py:3605: UserWarning: pandas only supports SQLAlchemy connectable 
(engine/connection) or database string URI or sqlite3 DBAPI2 connection. Other DBAPI2 objects are not tested. Please consider using SQLAlchemy.
  df_group = pd.read_sql(sql, conn)
C:\Users\mltsw\OneDrive\Desktop\Decathlon\Decathlon_Automation\Decathlon_Automation_Core\helpers\lunch_job_helpers.py:3617: UserWarning: pandas only supports SQLAlchemy connectable 
(engine/connection) or database string URI or sqlite3 DBAPI2 connection. Other DBAPI2 objects are not tested. Please consider using SQLAlchemy.
  df_group_staff = pd.read_sql(sql_group, conn)
C:\Users\mltsw\OneDrive\Desktop\Decathlon\Decathlon_Automation\Decathlon_Automation_Core\helpers\lunch_job_helpers.py:1954: UserWarning: pandas only supports SQLAlchemy connectable 
(engine/connection) or database string URI or sqlite3 DBAPI2 connection. Other DBAPI2 objects are not tested. Please consider using SQLAlchemy.
  df_lunch_job = pd.read_sql(lunch_job_sql,conn)
C:\Users\mltsw\OneDrive\Desktop\Decathlon\Decathlon_Automation\Decathlon_Automation_Core\helpers\lunch_job_helpers.py:1960: UserWarning: pandas only supports SQLAlchemy connectable 
(engine/connection) or database string URI or sqlite3 DBAPI2 connection. Other DBAPI2 objects are not tested. Please consider using SQLAlchemy.
  df_days = pd.read_sql(days_sql,conn)
C:\Users\mltsw\OneDrive\Desktop\Decathlon\Decathlon_Automation\Decathlon_Automation_Core\helpers\lunch_job_helpers.py:1967: UserWarning: pandas only supports SQLAlchemy connectable 
(engine/connection) or database string URI or sqlite3 DBAPI2 connection. Other DBAPI2 objects are not tested. Please consider using SQLAlchemy.
  df_eligible_staff = pd.read_sql(eligible_staff_sql,conn)
Project root added to sys.path: C:\Users\mltsw\OneDrive\Desktop\Decathlon\Decathlon_Automation\Decathlon_Automation_Core
Successfully connected to the database.

================================================================================
MULTI-WEEK LUNCH JOB SCHEDULE GENERATOR
================================================================================

Found input directory: run_1012
Loading session configuration: lunchjob_session_1012.json

================================================================================
LOADING SESSION CONFIGURATION
================================================================================
  Loaded week_1: 10 configuration parameters
  Loaded week_2: 10 configuration parameters
  Loaded week_3: 10 configuration parameters

Total weeks to process: 3

================================================================================
STEP 1: GLOBAL PATTERN BALANCING ACROSS ALL WEEKS
================================================================================

Total staff in session: 48
Staff with hardcoded assignments: 0
Flexible staff (can be assigned any pattern): 48

Phase 1: Assigning patterns to hardcoded staff...
  Hardcoded staff assigned - A: 0, B: 0

Phase 2: Assigning patterns to flexible staff...
  Strategy: Keep groups together, balance roles and overall numbers
  All staff assigned - A: 25, B: 23

Phase 3: Checking role balance...

Role-Pattern Distribution:
assigned_pattern   A   B
role_id                 
1005              11  10
1006              14  13
  Counselors: A=11, B=10, Diff=1
  Junior Counselors: A=14, B=13, Diff=1

================================================================================
GLOBAL PATTERN ASSIGNMENT COMPLETE
================================================================================
Total staff assigned: 48
Pattern A: 25 staff
Pattern B: 23 staff
Difference: 2

These patterns will be used consistently across ALL weeks.

================================================================================
VALIDATING GROUP PATTERN COVERAGE
================================================================================

ΓÜá∩╕Å  WARNING: 18 group(s) missing pattern coverage:
   Group 1000: A=0, B=3
   Group 1004: A=0, B=3
   Group 1006: A=3, B=0
   Group 1008: A=3, B=0
   Group 1012: A=0, B=3
   Group 1016: A=3, B=0
   Group 1020: A=2, B=0
   Group 1024: A=0, B=2
   Group 1028: A=2, B=0
   Group 1032: A=0, B=2
   Group 1036: A=0, B=2
   Group 1040: A=0, B=3
   Group 1044: A=3, B=0
   Group 1048: A=5, B=0
   Group 1052: A=0, B=3
   Group 1056: A=2, B=0
   Group 1058: A=0, B=2
   Group 1060: A=2, B=0

Automatically fixing pattern coverage (avoiding hardcoded staff)...
  Group 1000: Swapping 1/3 flexible staff to pattern A
  Group 1004: Swapping 1/3 flexible staff to pattern A
  Group 1006: Swapping 1/3 flexible staff to pattern B
  Group 1008: Swapping 1/3 flexible staff to pattern B
  Group 1012: Swapping 1/3 flexible staff to pattern A
  Group 1016: Swapping 1/3 flexible staff to pattern B
  Group 1020: Swapping 1/2 flexible staff to pattern B
  Group 1024: Swapping 1/2 flexible staff to pattern A
  Group 1028: Swapping 1/2 flexible staff to pattern B
  Group 1032: Swapping 1/2 flexible staff to pattern A
  Group 1036: Swapping 1/2 flexible staff to pattern A
  Group 1040: Swapping 1/3 flexible staff to pattern A
  Group 1044: Swapping 1/3 flexible staff to pattern B
  Group 1048: Swapping 2/5 flexible staff to pattern B
  Group 1052: Swapping 1/3 flexible staff to pattern A
  Group 1056: Swapping 1/2 flexible staff to pattern B
  Group 1058: Swapping 1/2 flexible staff to pattern A
  Group 1060: Swapping 1/2 flexible staff to pattern B

================================================================================
BALANCING PATTERN-BASED JOB ASSIGNMENTS
================================================================================

Arts & Crafts:
  Both staff 1075 and 1033 have pattern A
  Flipping staff 1033 to pattern B

================================================================================
ENSURING SESSION-WIDE CONSISTENCY FOR PATTERN-BASED JOBS
================================================================================

Arts & Crafts (Job 1001):
============================================================
  Current assignments across all weeks:
    Pattern A staff: [1075]
    Pattern B staff: [1033]
  Γ£ô Pattern A: Using staff 1075 (already assigned)
  Γ£ô Pattern B: Using staff 1033 (already assigned)

  Applying session-wide assignments:
    Week 1: [1075, 1033]
    Week 2: [1075, 1033]
    Week 3: [1075, 1033]

Card Trading (Job 1009):
============================================================
  Current assignments across all weeks:
    Pattern A staff: [1029]
    Pattern B staff: [1129]
  Γ£ô Pattern A: Using staff 1029 (already assigned)
  Γ£ô Pattern B: Using staff 1129 (already assigned)

  Applying session-wide assignments:
    Week 1: [1029, 1129]
    Week 2: [1029, 1129]
    Week 3: [1029, 1129]

================================================================================
SESSION-WIDE PATTERN JOB CONSISTENCY COMPLETE
================================================================================

================================================================================
SESSION-WIDE TIE DYE PATTERN BALANCING
================================================================================

No tie dye weeks found - skipping tie dye balancing

================================================================================
TIE DYE BALANCING COMPLETE
================================================================================

================================================================================
GENERATING WEEKLY SCHEDULES
================================================================================

================================================================================
PROCESSING WEEK 1
================================================================================
Retrieving lunch job sql query...
lunch job sql retrieved
Retrieving days sql query...
days sql retrieved
Retrieving eligible staff sql query...
eligible staff sql retrieved

Using precomputed patterns for 48 staff members

Γ£ô Skipping initial pattern coverage validation - using precomputed patterns (already globally balanced)

================================================================================
Removed 1 staff from eligible list
Arts and Crafts: Staff already on opposite schedules
Card Trading: Staff already on opposite schedules

Γ£ô Skipping pattern coverage validation - using precomputed patterns (already globally balanced)

Γ£ô Skipping per-week balancing - using consistent precomputed patterns from global planning

≡ƒöì DEBUG: pre_assign_counselor_activity called with tie_dye_days = []
≡ƒöì DEBUG: tie_dye_days_lower = []

================================================================================
PRE-ASSIGNING COUNSELOR ACTIVITY (LOCKED - CANNOT BE REASSIGNED)
Regular days: 1C + 1JC | Tie Dye days: 1C only
================================================================================


≡ƒöì DEBUG: Processing monday, is_tie_dye_day = False
  2 staff already hardcoded on monday
  2 staff on protected jobs (Tie Dye, Arts & Crafts, Card Trading)
  Available: 9 counselors, 14 JCs (excluding protected jobs)
monday: LOCKED counselor 1163 + JC 1067 to Counselor Activity

≡ƒöì DEBUG: Processing tuesday, is_tie_dye_day = False
  2 staff already hardcoded on tuesday
  2 staff on protected jobs (Tie Dye, Arts & Crafts, Card Trading)
  Available: 10 counselors, 10 JCs (excluding protected jobs)
tuesday: LOCKED counselor 1079 + JC 1001 to Counselor Activity

≡ƒöì DEBUG: Processing wednesday, is_tie_dye_day = False
  2 staff already hardcoded on wednesday
  2 staff on protected jobs (Tie Dye, Arts & Crafts, Card Trading)
  Available: 9 counselors, 14 JCs (excluding protected jobs)
C:\Users\mltsw\OneDrive\Desktop\Decathlon\Decathlon_Automation\Decathlon_Automation_Core\helpers\lunch_job_helpers.py:1954: UserWarning: pandas only supports SQLAlchemy connectable 
(engine/connection) or database string URI or sqlite3 DBAPI2 connection. Other DBAPI2 objects are not tested. Please consider using SQLAlchemy.
  df_lunch_job = pd.read_sql(lunch_job_sql,conn)
C:\Users\mltsw\OneDrive\Desktop\Decathlon\Decathlon_Automation\Decathlon_Automation_Core\helpers\lunch_job_helpers.py:1960: UserWarning: pandas only supports SQLAlchemy connectable 
(engine/connection) or database string URI or sqlite3 DBAPI2 connection. Other DBAPI2 objects are not tested. Please consider using SQLAlchemy.
  df_days = pd.read_sql(days_sql,conn)
C:\Users\mltsw\OneDrive\Desktop\Decathlon\Decathlon_Automation\Decathlon_Automation_Core\helpers\lunch_job_helpers.py:1967: UserWarning: pandas only supports SQLAlchemy connectable 
(engine/connection) or database string URI or sqlite3 DBAPI2 connection. Other DBAPI2 objects are not tested. Please consider using SQLAlchemy.
  df_eligible_staff = pd.read_sql(eligible_staff_sql,conn)
wednesday: LOCKED counselor 1095 + JC 1007 to Counselor Activity

≡ƒöì DEBUG: Processing thursday, is_tie_dye_day = False
  2 staff already hardcoded on thursday
  2 staff on protected jobs (Tie Dye, Arts & Crafts, Card Trading)
  Available: 10 counselors, 10 JCs (excluding protected jobs)
thursday: LOCKED counselor 1071 + JC 1113 to Counselor Activity

================================================================================


Processing monday...
  Counselor Activity: 2 staff pre-assigned (LOCKED: 1C + 1JC), need 1 more staff
  21 staff available (Pattern A)
  16 jobs available
  ΓÜá∩╕Å  WARNING: 5 staff will need overflow assignments
  After normal assignments: 16 staff assigned, 5 remaining
  After overflow assignments: 21 total staff assigned
  Final: 21/21 staff assigned to jobs

Processing tuesday...
  Counselor Activity: 2 staff pre-assigned (LOCKED: 1C + 1JC), need 1 more staff
  18 staff available (Pattern B)
  16 jobs available
  ΓÜá∩╕Å  WARNING: 2 staff will need overflow assignments
  After normal assignments: 16 staff assigned, 2 remaining
  After overflow assignments: 18 total staff assigned
  Final: 18/18 staff assigned to jobs

Processing wednesday...
  Counselor Activity: 2 staff pre-assigned (LOCKED: 1C + 1JC), need 1 more staff
  21 staff available (Pattern A)
  16 jobs available
  ΓÜá∩╕Å  WARNING: 5 staff will need overflow assignments
  After normal assignments: 16 staff assigned, 5 remaining
  After overflow assignments: 21 total staff assigned
  Final: 21/21 staff assigned to jobs

Processing thursday...
  Counselor Activity: 2 staff pre-assigned (LOCKED: 1C + 1JC), need 1 more staff
  18 staff available (Pattern B)
  16 jobs available
  ΓÜá∩╕Å  WARNING: 2 staff will need overflow assignments
  After normal assignments: 16 staff assigned, 2 remaining
  After overflow assignments: 18 total staff assigned
  Final: 18/18 staff assigned to jobs

≡ƒöì [After Initial Assignment (CA Locked)] Counselor Activity Status:
  Γ£ô monday: 1C + 2JC (Staff: [1163, 1067, 1035])
  Γ£ô thursday: 2C + 1JC (Staff: [1071, 1113, 1073])
  Γ£ô tuesday: 1C + 2JC (Staff: [1079, 1001, 1069])
  Γ£ô wednesday: 2C + 1JC (Staff: [1095, 1007, 1163])

Γä╣∩╕Å  Skipping counselor activity validation - counselor assignments are LOCKED and cannot change

Γä╣∩╕Å  No Tie Dye assignments found - skipping tie dye validation

≡ƒöì [After Tie Dye Validation (CA Locked)] Counselor Activity Status:
  Γ£ô monday: 1C + 2JC (Staff: [1163, 1067, 1035])
  Γ£ô thursday: 2C + 1JC (Staff: [1071, 1113, 1073])
  Γ£ô tuesday: 1C + 2JC (Staff: [1079, 1001, 1069])
  Γ£ô wednesday: 2C + 1JC (Staff: [1095, 1007, 1163])

Γä╣∩╕Å  Skipping pattern-based jobs validation to protect LOCKED counselor assignments

================================================================================
FINAL COUNSELOR ACTIVITY CHECK (LOCKED ASSIGNMENTS)
================================================================================
Γ£ô monday: 1 counselor(s) - Tommy Sah
Γ£ô thursday: 2 counselor(s) - Emily Jacquemin, Ellie Westgate
Γ£ô tuesday: 1 counselor(s) - Eytan Goldhaber-Fiebert
Γ£ô wednesday: 2 counselor(s) - Jackson Dewberry, Tommy Sah
================================================================================



Total assignments: 94 records

≡ƒöì DEBUG: CA assignments returned from assign_random_lunch_jobs: 4 assignments
   Days with CA: ['monday', 'thursday', 'tuesday', 'wednesday']
   Staff IDs on CA: [np.int64(1017), np.int64(1079), np.int64(1093), np.int64(1165)]

≡ƒöì DEBUG: Counselor Activity assignments before pivot transformation:
   monday: Jack Bucich (staff_id: 1093, pattern: A)
   tuesday: Trey Calhoun (staff_id: 1165, pattern: B)
   thursday: Eytan Goldhaber-Fiebert (staff_id: 1079, pattern: B)
Returning schedule format and enriched assignments

Week 1 schedule generated successfully

================================================================================
PROCESSING WEEK 2
================================================================================
Retrieving lunch job sql query...
lunch job sql retrieved
Retrieving days sql query...
days sql retrieved
Retrieving eligible staff sql query...
eligible staff sql retrieved

Using precomputed patterns for 48 staff members

Γ£ô Skipping initial pattern coverage validation - using precomputed patterns (already globally balanced)

================================================================================
Removed 1 staff from eligible list
Arts and Crafts: Staff already on opposite schedules
Card Trading: Staff already on opposite schedules

Γ£ô Skipping pattern coverage validation - using precomputed patterns (already globally balanced)

Γ£ô Skipping per-week balancing - using consistent precomputed patterns from global planning

≡ƒöì DEBUG: pre_assign_counselor_activity called with tie_dye_days = []
≡ƒöì DEBUG: tie_dye_days_lower = []

================================================================================
PRE-ASSIGNING COUNSELOR ACTIVITY (LOCKED - CANNOT BE REASSIGNED)
Regular days: 1C + 1JC | Tie Dye days: 1C only
================================================================================


≡ƒöì DEBUG: Processing monday, is_tie_dye_day = False
  2 staff already hardcoded on monday
  2 staff on protected jobs (Tie Dye, Arts & Crafts, Card Trading)
  Available: 9 counselors, 14 JCs (excluding protected jobs)
monday: LOCKED counselor 1149 + JC 1043 to Counselor Activity

≡ƒöì DEBUG: Processing tuesday, is_tie_dye_day = False
  2 staff already hardcoded on tuesday
  2 staff on protected jobs (Tie Dye, Arts & Crafts, Card Trading)
  Available: 10 counselors, 10 JCs (excluding protected jobs)
tuesday: LOCKED counselor 1071 + JC 1045 to Counselor Activity

≡ƒöì DEBUG: Processing wednesday, is_tie_dye_day = False
wednesday: Staff game day - skipping

≡ƒöì DEBUG: Processing thursday, is_tie_dye_day = False
  2 staff already hardcoded on thursday
  2 staff on protected jobs (Tie Dye, Arts & Crafts, Card Trading)
  Available: 10 counselors, 10 JCs (excluding protected jobs)
thursday: LOCKED counselor 1053 + JC 1125 to Counselor Activity

================================================================================


Processing monday...
  Counselor Activity: 2 staff pre-assigned (LOCKED: 1C + 1JC), need 1 more staff
  21 staff available (Pattern A)
  16 jobs available
  ΓÜá∩╕Å  WARNING: 5 staff will need overflow assignments
  After normal assignments: 16 staff assigned, 5 remaining
  After overflow assignments: 21 total staff assigned
  Final: 21/21 staff assigned to jobs

Processing tuesday...
  Counselor Activity: 2 staff pre-assigned (LOCKED: 1C + 1JC), need 1 more staff
  18 staff available (Pattern B)
  16 jobs available
  ΓÜá∩╕Å  WARNING: 2 staff will need overflow assignments
  After normal assignments: 16 staff assigned, 2 remaining
  After overflow assignments: 18 total staff assigned
  Final: 18/18 staff assigned to jobs

Processing wednesday...
  wednesday has staff game - all assignments already made

Processing thursday...
  Counselor Activity: 2 staff pre-assigned (LOCKED: 1C + 1JC), need 1 more staff
  18 staff available (Pattern B)
  16 jobs available
  ΓÜá∩╕Å  WARNING: 2 staff will need overflow assignments
  After normal assignments: 16 staff assigned, 2 remaining
  After overflow assignments: 18 total staff assigned
  Final: 18/18 staff assigned to jobs

≡ƒöì [After Initial Assignment (CA Locked)] Counselor Activity Status:
  Γ£ô monday: 2C + 1JC (Staff: [1149, 1043, 1163])
  Γ£ô thursday: 1C + 2JC (Staff: [1053, 1125, 1171])
  Γ£ô tuesday: 1C + 2JC (Staff: [1071, 1045, 1069])

Γä╣∩╕Å  Skipping counselor activity validation - counselor assignments are LOCKED and cannot change

Γä╣∩╕Å  No Tie Dye assignments found - skipping tie dye validation

≡ƒöì [After Tie Dye Validation (CA Locked)] Counselor Activity Status:
  Γ£ô monday: 2C + 1JC (Staff: [1149, 1043, 1163])
  Γ£ô thursday: 1C + 2JC (Staff: [1053, 1125, 1171])
  Γ£ô tuesday: 1C + 2JC (Staff: [1071, 1045, 1069])

C:\Users\mltsw\OneDrive\Desktop\Decathlon\Decathlon_Automation\Decathlon_Automation_Core\helpers\lunch_job_helpers.py:1954: UserWarning: pandas only supports SQLAlchemy connectable 
(engine/connection) or database string URI or sqlite3 DBAPI2 connection. Other DBAPI2 objects are not tested. Please consider using SQLAlchemy.
  df_lunch_job = pd.read_sql(lunch_job_sql,conn)
C:\Users\mltsw\OneDrive\Desktop\Decathlon\Decathlon_Automation\Decathlon_Automation_Core\helpers\lunch_job_helpers.py:1960: UserWarning: pandas only supports SQLAlchemy connectable 
(engine/connection) or database string URI or sqlite3 DBAPI2 connection. Other DBAPI2 objects are not tested. Please consider using SQLAlchemy.
  df_days = pd.read_sql(days_sql,conn)
C:\Users\mltsw\OneDrive\Desktop\Decathlon\Decathlon_Automation\Decathlon_Automation_Core\helpers\lunch_job_helpers.py:1967: UserWarning: pandas only supports SQLAlchemy connectable 
(engine/connection) or database string URI or sqlite3 DBAPI2 connection. Other DBAPI2 objects are not tested. Please consider using SQLAlchemy.
  df_eligible_staff = pd.read_sql(eligible_staff_sql,conn)
Γä╣∩╕Å  Skipping pattern-based jobs validation to protect LOCKED counselor assignments

================================================================================
FINAL COUNSELOR ACTIVITY CHECK (LOCKED ASSIGNMENTS)
================================================================================
Γ£ô monday: 2 counselor(s) - Ryan Spence, Tommy Sah
Γ£ô thursday: 1 counselor(s) - Charlie Premo
Γ£ô tuesday: 1 counselor(s) - Ellie Westgate
================================================================================



Total assignments: 116 records

≡ƒöì DEBUG: CA assignments returned from assign_random_lunch_jobs: 3 assignments
   Days with CA: ['monday', 'thursday', 'tuesday']
   Staff IDs on CA: [np.int64(1099), np.int64(1165), np.int64(1235)]

≡ƒöì DEBUG: Counselor Activity assignments before pivot transformation:
   thursday: Trey Calhoun (staff_id: 1165, pattern: B)
Returning schedule format and enriched assignments

Week 2 schedule generated successfully

================================================================================
PROCESSING WEEK 3
================================================================================
Retrieving lunch job sql query...
lunch job sql retrieved
Retrieving days sql query...
days sql retrieved
Retrieving eligible staff sql query...
eligible staff sql retrieved

Using precomputed patterns for 48 staff members

Γ£ô Skipping initial pattern coverage validation - using precomputed patterns (already globally balanced)

================================================================================
Removed 1 staff from eligible list
Arts and Crafts: Staff already on opposite schedules
Card Trading: Staff already on opposite schedules

Γ£ô Skipping pattern coverage validation - using precomputed patterns (already globally balanced)

Γ£ô Skipping per-week balancing - using consistent precomputed patterns from global planning

≡ƒöì DEBUG: pre_assign_counselor_activity called with tie_dye_days = ['tuesday', 'wednesday']
≡ƒöì DEBUG: tie_dye_days_lower = ['tuesday', 'wednesday']

================================================================================
PRE-ASSIGNING COUNSELOR ACTIVITY (LOCKED - CANNOT BE REASSIGNED)
Regular days: 1C + 1JC | Tie Dye days: 1C only
================================================================================


≡ƒöì DEBUG: Processing monday, is_tie_dye_day = False
  2 staff already hardcoded on monday
  2 staff on protected jobs (Tie Dye, Arts & Crafts, Card Trading)
  Available: 9 counselors, 14 JCs (excluding protected jobs)
monday: LOCKED counselor 1047 + JC 1097 to Counselor Activity

≡ƒöì DEBUG: Processing tuesday, is_tie_dye_day = True
  1 staff already hardcoded on tuesday
  1 staff on protected jobs (Tie Dye, Arts & Crafts, Card Trading)
  Available: 11 counselors, 10 JCs (excluding protected jobs)
tuesday (TIE DYE): LOCKED counselor 1165 to Counselor Activity (no JC on tie dye)

≡ƒöì DEBUG: Processing wednesday, is_tie_dye_day = True
  1 staff already hardcoded on wednesday
  1 staff on protected jobs (Tie Dye, Arts & Crafts, Card Trading)
  Available: 9 counselors, 15 JCs (excluding protected jobs)
wednesday (TIE DYE): LOCKED counselor 1047 to Counselor Activity (no JC on tie dye)

≡ƒöì DEBUG: Processing thursday, is_tie_dye_day = False
  2 staff already hardcoded on thursday
  2 staff on protected jobs (Tie Dye, Arts & Crafts, Card Trading)
  Available: 10 counselors, 10 JCs (excluding protected jobs)
thursday: LOCKED counselor 1071 + JC 1045 to Counselor Activity

================================================================================


Processing monday...
  Counselor Activity: 2 staff pre-assigned (LOCKED: 1C + 1JC), need 1 more staff
  21 staff available (Pattern A)
  16 jobs available
  ΓÜá∩╕Å  WARNING: 5 staff will need overflow assignments
  After normal assignments: 16 staff assigned, 5 remaining
  After overflow assignments: 21 total staff assigned
  Final: 21/21 staff assigned to jobs

Processing tuesday...
  tuesday is a tie dye day - excluding Arts & Crafts from random assignments
  Counselor Activity: 1 staff pre-assigned (LOCKED: 1C + 1JC), need 2 more staff
  20 staff available (Pattern B)
  16 jobs available
  ΓÜá∩╕Å  WARNING: 3 staff will need overflow assignments
  After normal assignments: 17 staff assigned, 3 remaining
  After overflow assignments: 20 total staff assigned
  Final: 20/20 staff assigned to jobs

Processing wednesday...
  wednesday is a tie dye day - excluding Arts & Crafts from random assignments
  Counselor Activity: 1 staff pre-assigned (LOCKED: 1C + 1JC), need 2 more staff
  23 staff available (Pattern A)
  16 jobs available
  ΓÜá∩╕Å  WARNING: 6 staff will need overflow assignments
  After normal assignments: 17 staff assigned, 6 remaining
  After overflow assignments: 23 total staff assigned
  Final: 23/23 staff assigned to jobs

Processing thursday...
  Counselor Activity: 2 staff pre-assigned (LOCKED: 1C + 1JC), need 1 more staff
  18 staff available (Pattern B)
  16 jobs available
  ΓÜá∩╕Å  WARNING: 2 staff will need overflow assignments
  After normal assignments: 16 staff assigned, 2 remaining
  After overflow assignments: 18 total staff assigned
  Final: 18/18 staff assigned to jobs

≡ƒöì [After Initial Assignment (CA Locked)] Counselor Activity Status:
  Γ£ô monday: 2C + 1JC (Staff: [1047, 1097, 1095])
  Γ£ô thursday: 1C + 2JC (Staff: [1071, 1045, 1113])
  Γ£ô tuesday: 2C + 1JC (Staff: [1165, 1071, 1045])
  Γ£ô wednesday: 2C + 1JC (Staff: [1047, 1133, 1115])

Γä╣∩╕Å  Skipping counselor activity validation - counselor assignments are LOCKED and cannot change

Γä╣∩╕Å  No Tie Dye assignments found, but tie_dye_days specified in config: ['tuesday', 'wednesday']
   Creating assignments from scratch...
   Matched days: ['tuesday', 'wednesday']

================================================================================
VALIDATING TIE DYE STAFF ASSIGNMENTS
================================================================================

tuesday: Tie Dye has 0 staff assigned
   ΓÜá∩╕Å  FIXING: Need 2 more staff for Tie Dye
   Moving: Staff 1001 from MULTI (2 staff) ΓåÆ Tie Dye
   Moving: Staff 1033 from Hot Shot or knockout (2 staff) ΓåÆ Tie Dye
   Γ£ô FIXED: Tie Dye now has 2 staff

wednesday: Tie Dye has 0 staff assigned
   ΓÜá∩╕Å  FIXING: Need 2 more staff for Tie Dye
   Moving: Staff 1067 from Soccer Field (2 staff) ΓåÆ Tie Dye
   Moving: Staff 1075 from Playground (2 staff) ΓåÆ Tie Dye
   Γ£ô FIXED: Tie Dye now has 2 staff

================================================================================


≡ƒöì [After Tie Dye Validation (CA Locked)] Counselor Activity Status:
  Γ£ô monday: 2C + 1JC (Staff: [1047, 1097, 1095])
  Γ£ô thursday: 1C + 2JC (Staff: [1071, 1045, 1113])
  Γ£ô tuesday: 2C + 1JC (Staff: [1165, 1071, 1045])
  Γ£ô wednesday: 2C + 1JC (Staff: [1047, 1133, 1115])

Γä╣∩╕Å  Skipping pattern-based jobs validation to protect LOCKED counselor assignments

================================================================================
FINAL COUNSELOR ACTIVITY CHECK (LOCKED ASSIGNMENTS)
================================================================================
Γ£ô monday: 2 counselor(s) - Jackson Dewberry, Cassie Hickinbotham
Γ£ô thursday: 1 counselor(s) - Ellie Westgate
Γ£ô tuesday: 2 counselor(s) - Trey Calhoun, Ellie Westgate
Γ£ô wednesday: 2 counselor(s) - Matt Segal, Cassie Hickinbotham
================================================================================



Total assignments: 94 records

≡ƒöì DEBUG: CA assignments returned from assign_random_lunch_jobs: 4 assignments
   Days with CA: ['monday', 'thursday', 'tuesday', 'wednesday']
   Staff IDs on CA: [np.int64(1007), np.int64(1025), np.int64(1065), np.int64(1087)]

≡ƒöì DEBUG: Counselor Activity assignments before pivot transformation:
   tuesday: Guy Robbins (staff_id: 1087, pattern: B)
   thursday: Anna Kolpakova (staff_id: 1025, pattern: B)
Returning schedule format and enriched assignments

Week 3 schedule generated successfully

C:\Users\mltsw\OneDrive\Desktop\Decathlon\Decathlon_Automation\Decathlon_Automation_Core\helpers\lunch_job_helpers.py:3910: UserWarning: pandas only supports SQLAlchemy connectable 
(engine/connection) or database string URI or sqlite3 DBAPI2 connection. Other DBAPI2 objects are not tested. Please consider using SQLAlchemy.
  df_groups = pd.read_sql(sql_groups, conn)
C:\Users\mltsw\OneDrive\Desktop\Decathlon\Decathlon_Automation\Decathlon_Automation_Core\helpers\lunch_job_helpers.py:3916: UserWarning: pandas only supports SQLAlchemy connectable 
(engine/connection) or database string URI or sqlite3 DBAPI2 connection. Other DBAPI2 objects are not tested. Please consider using SQLAlchemy.
  df_jobs = pd.read_sql(lunch_job_sql, conn)
================================================================================
COMBINING ALL WEEKS INTO FINAL SCHEDULE
================================================================================

Full session schedule complete!
Total weeks: 3
Total rows: 165

================================================================================
CREATING MULTI-WEEK WIDE FORMAT
================================================================================

Found 47 unique staff members across all weeks (with assignments)
Processing Week 1...
Processing Week 2...
Processing Week 3...
After filtering: 47 staff with actual assignments

Wide format created with 51 rows and 12 day columns

Replacing SG with vertical 'STAFF' and 'GAME' text in 1 column(s)

================================================================================
VALIDATING FINAL SCHEDULE
================================================================================
Retrieving lunch job sql query...
lunch job sql retrieved

--------------------------------------------------------------------------------
CHECK 1: Group Coverage Validation
--------------------------------------------------------------------------------

ΓÜá∩╕Å  WARNING: Found 6 group coverage issues:
   Week 1, Tuesday: Group 1058 - No staff from this group assigned
   Week 1, Thursday: Group 1058 - No staff from this group assigned
   Week 2, Tuesday: Group 1058 - No staff from this group assigned
   Week 2, Thursday: Group 1058 - No staff from this group assigned
   Week 3, Tuesday: Group 1058 - No staff from this group assigned
   Week 3, Thursday: Group 1058 - No staff from this group assigned

--------------------------------------------------------------------------------
CHECK 2: Job Staffing Validation
--------------------------------------------------------------------------------

ΓÜá∩╕Å  WARNING: Found 29 job staffing issues:
   Week 1, Monday: Hot Shot or knockout - Expected 1, Got 2 (+1)
   Week 1, Monday: Soccer Field - Expected 1, Got 2 (+1)
   Week 1, Monday: Playground - Expected 1, Got 2 (+1)
   Week 1, Tuesday: Playground - Expected 1, Got 2 (+1)
   Week 1, Tuesday: Hot Shot or knockout - Expected 1, Got 2 (+1)
   Week 1, Wednesday: Soccer Field - Expected 1, Got 2 (+1)
   Week 1, Wednesday: Hot Shot or knockout - Expected 1, Got 2 (+1)
   Week 1, Wednesday: Playground - Expected 1, Got 2 (+1)
   Week 1, Thursday: Hot Shot or knockout - Expected 1, Got 2 (+1)
   Week 1, Thursday: Playground - Expected 1, Got 2 (+1)
   Week 2, Monday: Hot Shot or knockout - Expected 1, Got 2 (+1)
   Week 2, Monday: Playground - Expected 1, Got 2 (+1)
   Week 2, Monday: Soccer Field - Expected 1, Got 2 (+1)
   Week 2, Tuesday: Hot Shot or knockout - Expected 1, Got 2 (+1)
   Week 2, Tuesday: Playground - Expected 1, Got 2 (+1)
   Week 2, Thursday: Playground - Expected 1, Got 2 (+1)
   Week 2, Thursday: Hot Shot or knockout - Expected 1, Got 2 (+1)
   Week 3, Monday: Soccer Field - Expected 1, Got 2 (+1)
   Week 3, Monday: Playground - Expected 1, Got 2 (+1)
   Week 3, Monday: Hot Shot or knockout - Expected 1, Got 2 (+1)
   ... and 9 more issues

--------------------------------------------------------------------------------
CHECK 3: Hardcoded Assignments Validation
--------------------------------------------------------------------------------
Γ£ô All hardcoded assignments were assigned correctly

================================================================================
ΓÜá∩╕Å  VALIDATION COMPLETED WITH WARNINGS - See details above
================================================================================

================================================================================
FULL SESSION LUNCH JOB SCHEDULE
================================================================================
       Week                           staff_name       M       T       W      TH F
0    Week 1         COUNSELORS: MONDAY/WEDNESDAY                                  
1    Week 1                  Cassie Hickinbotham     GR1              PG          
2    Week 1                          Jack Bucich      WA              BR          
3    Week 1                     Jackson Dewberry   FR/VB              CA          
4    Week 1                           Matt Segal      PP              SO          
5    Week 1                     Olivia Bocchieri     SUB           MULTI          
6    Week 1                           Ori Gillai      SO              PG          
7    Week 1                          Paige Leban      PG          GAGA 2          
8    Week 1                          Ryan Spence      SO              RR          
9    Week 1                            Tommy Sah      CA              CA          
10   Week 1                                                                       
11   Week 1         COUNSELORS: TUESDAY/THURSDAY                                  
12   Week 1                       Anna Kolpakova              HS              SO  
13   Week 1                          Avi Sanchez             A&C             A&C  
14   Week 1                        Charlie Premo             GR1           MULTI  
15   Week 1                       Ellie Westgate              PG              CA  
16   Week 1                      Emily Jacquemin           FR/VB              CA  
17   Week 1              Eytan Goldhaber-Fiebert              CA              WA  
18   Week 1                          Guy Robbins              BR          GAGA 2  
19   Week 1                       Khalil Qureshi           MULTI              HS  
20   Week 1                          Liam Gerber              PP              RR  
21   Week 1                       Millie Labaron              CT              CT  
22   Week 1                        Parker McCabe              WB              PG  
23   Week 1                         Trey Calhoun              WA              PP  
24   Week 1                                                                       
25   Week 1                                                                       
26   Week 1  JUNIOR COUNSELORS: MONDAY/WEDNESDAY                                  
27   Week 1                        Aditi Rairkar      HS              CA          
28   Week 1                           Amiya Garg      BR              WA          
29   Week 1                       Andrew Onodera  GAGA 2              PP          
30   Week 1                        Asher Darling      CT              CT          
31   Week 1                          Aylin Orens      CA              SO          
32   Week 1                        Carlos Acosta  GAGA 1              GA          
33   Week 1                           David Loza      WB           FR/VB          
34   Week 1                         Einav Garten      WB              HS          
35   Week 1                            Eli Sobel      PG           MULTI          
36   Week 1                        Elise Darling      CA          GAGA 1          
37   Week 1                       Ethelle Bouvin     A&C             A&C          
38   Week 1                          Ilan Gerber   MULTI              WB          
39   Week 1                     Jenna Bergendahl      RR              WB          
40   Week 1                     Nishka Gollamudi      GA              HS          
41   Week 1                         Sabrina Neal   MULTI             GR1          
42   Week 1                      Tamara Rubinsky      HS             SUB          
43   Week 1                                                                       
44   Week 1  JUNIOR COUNSELORS: TUESDAY/THURSDAY                                  
45   Week 1                        Abraham Paley              CA             GR1  
46   Week 1                         Carter Leban              WB          GAGA 1  
47   Week 1                         Ellie Katsav              CA              HS  
48   Week 1                     Jonah Altschuler          GAGA 2           FR/VB  
49   Week 1                       Lilley Stryker              RR              BR  
50   Week 1                       Lizzy Moravick          GAGA 1              CA  
51   Week 1                     Micaela Rubinsky              HS              PG  
52   Week 1                        Sahil Qureshi           MULTI              WB  
53   Week 1                       Spencer Toland              SO              WB  
54   Week 1                          Wes Calhoun              PG           MULTI  
55   Week 2         COUNSELORS: MONDAY/WEDNESDAY                                  
56   Week 2                  Cassie Hickinbotham   MULTI              SG          
57   Week 2                          Jack Bucich      PG              SG          
58   Week 2                     Jackson Dewberry   MULTI              SG          
59   Week 2                           Matt Segal   FR/VB              SG          
60   Week 2                     Olivia Bocchieri      BR              SG          
61   Week 2                           Ori Gillai      RR              SG          
62   Week 2                          Paige Leban     GR1              SG          
63   Week 2                          Ryan Spence      CA              SG          
64   Week 2                            Tommy Sah      CA              SG          
65   Week 2                                                                       
66   Week 2         COUNSELORS: TUESDAY/THURSDAY                                  
67   Week 2                       Anna Kolpakova              PP      SG      SO  
68   Week 2                          Avi Sanchez             A&C      SG     A&C  
69   Week 2                        Charlie Premo              HS      SG      CA  
70   Week 2                       Ellie Westgate              CA      SG   MULTI  
71   Week 2                      Emily Jacquemin              BR      SG   MULTI  
72   Week 2              Eytan Goldhaber-Fiebert              PG      SG      PG  
73   Week 2                          Guy Robbins           MULTI      SG      BR  
74   Week 2                       Khalil Qureshi              RR      SG      RR  
75   Week 2                          Liam Gerber          GAGA 1      SG      PG  
76   Week 2                       Millie Labaron              CT      SG      CT  
77   Week 2                        Parker McCabe           MULTI      SG      HS  
78   Week 2                         Trey Calhoun              PG      SG      WA  
79   Week 2                                                                       
80   Week 2                                                                       
81   Week 2  JUNIOR COUNSELORS: MONDAY/WEDNESDAY                                  
82   Week 2                        Aditi Rairkar      PP              SG          
83   Week 2                           Amiya Garg      PG              SG          
84   Week 2                       Andrew Onodera      HS              SG          
85   Week 2                        Asher Darling      CT              SG          
86   Week 2                          Aylin Orens      WB              SG          
87   Week 2                        Carlos Acosta      CA              SG          
88   Week 2                           David Loza      WA              SG          
89   Week 2                         Einav Garten  GAGA 1              SG          
90   Week 2                            Eli Sobel      SO              SG          
91   Week 2                        Elise Darling      HS              SG          
92   Week 2                       Ethelle Bouvin     A&C              SG          
93   Week 2                          Ilan Gerber      SO              SG          
94   Week 2                     Jenna Bergendahl  GAGA 2              SG          
95   Week 2                     Nishka Gollamudi     SUB              SG          
96   Week 2                         Sabrina Neal      WB              SG          
97   Week 2                      Tamara Rubinsky      GA              SG          
98   Week 2                                                                       
99   Week 2  JUNIOR COUNSELORS: TUESDAY/THURSDAY                                  
100  Week 2                        Abraham Paley             GR1      SG  GAGA 1  
101  Week 2                         Carter Leban              CA      SG     GR1  
102  Week 2                         Ellie Katsav              CA      SG      WB  
103  Week 2                     Jonah Altschuler              WA      SG   FR/VB  
104  Week 2                       Lilley Stryker              WB      SG  GAGA 2  
105  Week 2                       Lizzy Moravick              WB      SG      HS  
106  Week 2                     Micaela Rubinsky              HS      SG      CA  
107  Week 2                        Sahil Qureshi              SO      SG      WB  
108  Week 2                       Spencer Toland          GAGA 2      SG      PP  
109  Week 2                          Wes Calhoun           FR/VB      SG      CA  
110  Week 3         COUNSELORS: MONDAY/WEDNESDAY                                  
111  Week 3                  Cassie Hickinbotham      CA              CA          
112  Week 3                          Jack Bucich      GA              WB          
113  Week 3                     Jackson Dewberry      CA           MULTI          
114  Week 3                           Matt Segal     GR1              CA          
115  Week 3                     Olivia Bocchieri      SO             GR1          
116  Week 3                           Ori Gillai      HS           FR/VB          
117  Week 3                          Paige Leban      RR              PP          
118  Week 3                          Ryan Spence      PG              SO          
119  Week 3                            Tommy Sah   MULTI              HS          
120  Week 3                                                                       
121  Week 3         COUNSELORS: TUESDAY/THURSDAY                                  
122  Week 3                       Anna Kolpakova              RR              WA  
123  Week 3                          Avi Sanchez              TD             A&C  
124  Week 3                        Charlie Premo              PP              PP  
125  Week 3                       Ellie Westgate              CA              CA  
126  Week 3                      Emily Jacquemin              WB           FR/VB  
127  Week 3              Eytan Goldhaber-Fiebert           MULTI              HS  
128  Week 3                          Guy Robbins              WA              RR  
129  Week 3                       Khalil Qureshi              SO              WB  
130  Week 3                          Liam Gerber              PG          GAGA 2  
131  Week 3                       Millie Labaron              CT              CT  
132  Week 3                        Parker McCabe              WB              SO  
133  Week 3                         Trey Calhoun              CA          GAGA 1  
134  Week 3                                                                       
135  Week 3                                                                       
136  Week 3  JUNIOR COUNSELORS: MONDAY/WEDNESDAY                                  
137  Week 3                        Aditi Rairkar      WA           MULTI          
138  Week 3                           Amiya Garg      PG           MULTI          
139  Week 3                       Andrew Onodera      BR              RR          
140  Week 3                        Asher Darling      CT              CT          
141  Week 3                          Aylin Orens  GAGA 2              GA          
142  Week 3                        Carlos Acosta      HS          GAGA 2          
143  Week 3                           David Loza   FR/VB              PG          
144  Week 3                         Einav Garten  GAGA 1              BR          
145  Week 3                            Eli Sobel      PP              WA          
146  Week 3                        Elise Darling   MULTI              TD          
147  Week 3                       Ethelle Bouvin     A&C              TD          
148  Week 3                          Ilan Gerber      WB              HS          
149  Week 3                     Jenna Bergendahl      CA             SUB          
150  Week 3                     Nishka Gollamudi      WB              CA          
151  Week 3                         Sabrina Neal      SO              WB          
152  Week 3                      Tamara Rubinsky     SUB          GAGA 1          
153  Week 3                                                                       
154  Week 3  JUNIOR COUNSELORS: TUESDAY/THURSDAY                                  
155  Week 3                        Abraham Paley              TD              WB  
156  Week 3                         Carter Leban              CA              CA  
157  Week 3                         Ellie Katsav              BR           MULTI  
158  Week 3                     Jonah Altschuler          GAGA 1             GR1  
159  Week 3                       Lilley Stryker           FR/VB              PG  
160  Week 3                       Lizzy Moravick              HS              CA  
161  Week 3                     Micaela Rubinsky             GR1              HS  
162  Week 3                        Sahil Qureshi              PG           MULTI  
163  Week 3                       Spencer Toland              SO              BR  
C:\Users\mltsw\OneDrive\Desktop\Decathlon\Decathlon_Automation\Decathlon_Automation_Core\helpers\lunch_job_helpers.py:4250: UserWarning: pandas only supports SQLAlchemy connectable 
(engine/connection) or database string URI or sqlite3 DBAPI2 connection. Other DBAPI2 objects are not tested. Please consider using SQLAlchemy.
  session_df = pd.read_sql(session_query, conn_legend)
C:\Users\mltsw\OneDrive\Desktop\Decathlon\Decathlon_Automation\Decathlon_Automation_Core\helpers\lunch_job_helpers.py:5803: UserWarning: pandas only supports SQLAlchemy connectable 
(engine/connection) or database string URI or sqlite3 DBAPI2 connection. Other DBAPI2 objects are not tested. Please consider using SQLAlchemy.
  df_jobs = pd.read_sql(sql, conn)
164  Week 3                          Wes Calhoun          GAGA 2              PG  

Loaded Google Sheets spreadsheet ID from credentials.json

Full session schedule exported to C:\Users\mltsw\OneDrive\Desktop\Decathlon\Decathlon_Automation\Decathlon_Automation_Core\exports\lunch_job_schedule.csv
Wide format schedule exported to C:\Users\mltsw\OneDrive\Desktop\Decathlon\Decathlon_Automation\Decathlon_Automation_Core\exports\lunch_job_schedule_wide.csv
Wide format: 51 rows ├ù 13 columns

================================================================================
UPLOADING TO GOOGLE SHEETS
================================================================================
Successfully connected to the database.
Found session number: 1, year: 2025 for session_id: 1012

Authenticating with Google Sheets API...
Using Google credentials from credentials.json
Clearing previous formatting...
  Γ£ô Cleared all previous formatting
Uploading CSV data...
Uploaded 880 cells to Lunchtime Job Schedule
Merging header rows...
Merged 9 header rows
Applying cell formatting...
Applied cell formatting (borders, alignment, header styling, bold text, Friday columns)
Applying color coding...
Applied 5 conditional formatting rules
Configuring print settings...
Finding Junior Counselors section...
  Saved last Counselor row position: 27 ('Trey Calhoun')
Adding blank row before first legend...
  Γ£ô Inserted 1 blank rows at row 28 for page break
JC currently at row: 29, Target header row: 49
Inserting 20 blank rows to align JC headers to row 49...
  Γ£ô Inserted 20 blank rows at row 29 for page break
Adding first job legend (after Counselors)...
Retrieving lunch job sql query...
lunch job sql retrieved
  Found 21 jobs for legend
  Added 6 legend rows starting at row 28
  Removed gridlines from legend area
Adding first Decathlon logo...
  Γ£ô Logo added to bottom-left corner at row 29
Adding headers to Junior Counselors table...
  Γ£ô Added headers before JC section at row 49
Adding second job legend (after Junior Counselors)...
Retrieving lunch job sql query...
lunch job sql retrieved
  Found 21 jobs for legend
  Added 6 legend rows starting at row 79
  Removed gridlines from legend area
Adding second Decathlon logo...
  Γ£ô Logo added to bottom-left corner at row 80

Applying table borders...
  Applying thick border to Counselor table at row 27
  Γ£ô Applied Counselor table border
  Applying JC table border...
  Γ£ô Applying thick border to JC table at row 78

Γ£ô Successfully formatted Google Sheet!
View your sheet: https://docs.google.com/spreadsheets/d/1WFWFo55mfQlyto-SBnAcFOqUIt_kyvaHdpcjamBzXb4
